<html>
<body>
<pre>
<h1>�Vision Build Log</h1>
<h2>Tool Versions:</h2>
IDE-Version: ��Vision V5.40.0.0
Copyright (C) 2024 ARM Ltd and ARM Germany GmbH. All rights reserved.
License Information: 548 423437, 3, LIC=CZLZX-H246T-630MB-2ICPC-IAFN5-QTDTE
 
Tool Versions:
Toolchain:       MDK-ARM Plus  Version: 5.40.0.3
Toolchain Path:  D:\MDK5.40\ARM\ARMCC\Bin
C Compiler:      Armcc.exe V5.06 update 6 (build 750)
Assembler:       Armasm.exe V5.06 update 6 (build 750)
Linker/Locator:  ArmLink.exe V5.06 update 6 (build 750)
Library Manager: ArmAr.exe V5.06 update 6 (build 750)
Hex Converter:   FromElf.exe V5.06 update 6 (build 750)
CPU DLL:         SARMCM3.DLL V5.40.0.3
Dialog DLL:      DCM.DLL V1.17.5.0
Target DLL:      CMSIS_AGDI.dll V1.33.18.0
Dialog DLL:      TCM.DLL V1.56.4.0
 
<h2>Project:</h2>
E:\BaiduNetdiskDownload\tea\FREERTOS_LWIP\MDK-ARM\FREERTOS_LWIP.uvprojx
Project File Date:  06/07/2025

<h2>Output:</h2>
*** Using Compiler 'V5.06 update 6 (build 750)', folder: 'D:\MDK5.40\ARM\ARMCC\Bin'
Rebuild target 'FREERTOS_LWIP'
assembling startup_stm32f407xx.s...
compiling gpio.c...
compiling usart.c...
compiling stm32f4xx_hal_msp.c...
compiling stm32f4xx_hal_timebase_tim.c...
compiling stm32f4xx_it.c...
compiling main.c...
compiling stm32f4xx_hal_rcc_ex.c...
compiling lwip.c...
compiling stm32f4xx_hal_rcc.c...
compiling MyRTOS.c...
..\Core\Src\MyRTOS.c(91): warning:  #870-D: invalid multibyte character sequence
  									printf("K2键按下，事件标志的bit0被设�? \r\n");
..\Core\Src\MyRTOS.c(104): warning:  #870-D: invalid multibyte character sequence
  									printf("K3键按下，事件标志的bit1被设�? \r\n");
..\Core\Src\MyRTOS.c(231): warning:  #1-D: last line of file ends without a newline
  }
..\Core\Src\MyRTOS.c: 3 warnings, 0 errors
compiling stm32f4xx_hal_eth.c...
compiling ethernetif.c...
compiling stm32f4xx_hal_flash.c...
compiling stm32f4xx_hal_flash_ramfunc.c...
compiling stm32f4xx_hal_flash_ex.c...
compiling stm32f4xx_hal_gpio.c...
compiling stm32f4xx_hal_pwr_ex.c...
compiling stm32f4xx_hal_pwr.c...
compiling stm32f4xx_hal_dma.c...
compiling stm32f4xx_hal_cortex.c...
compiling stm32f4xx_hal_dma_ex.c...
compiling stm32f4xx_hal_exti.c...
compiling stm32f4xx_hal.c...
compiling system_stm32f4xx.c...
compiling auth.c...
compiling ccp.c...
compiling stm32f4xx_hal_tim_ex.c...
compiling chap-md5.c...
compiling chap-new.c...
compiling chap_ms.c...
compiling demand.c...
compiling stm32f4xx_hal_uart.c...
compiling eap.c...
compiling eui64.c...
compiling fsm.c...
compiling ipcp.c...
compiling ipv6cp.c...
compiling stm32f4xx_hal_tim.c...
compiling lcp.c...
compiling magic.c...
compiling mppe.c...
compiling multilink.c...
compiling ppp.c...
compiling pppapi.c...
compiling pppcrypt.c...
compiling pppoe.c...
compiling pppol2tp.c...
compiling pppos.c...
compiling upap.c...
compiling utils.c...
compiling vj.c...
compiling bridgeif.c...
compiling bridgeif_fdb.c...
compiling lowpan6.c...
compiling ethernet.c...
compiling lowpan6_ble.c...
compiling lowpan6_common.c...
compiling zepif.c...
compiling slipif.c...
compiling ecp.c...
compiling err.c...
compiling api_lib.c...
compiling if_api.c...
compiling netdb.c...
compiling netbuf.c...
compiling netifapi.c...
compiling api_msg.c...
compiling altcp.c...
compiling altcp_alloc.c...
compiling tcpip.c...
compiling altcp_tcp.c...
compiling def.c...
compiling dns.c...
compiling inet_chksum.c...
compiling ip.c...
compiling init.c...
compiling mem.c...
compiling sockets.c...
compiling memp.c...
compiling raw.c...
compiling stats.c...
compiling sys.c...
compiling netif.c...
compiling pbuf.c...
compiling timeouts.c...
compiling dhcp.c...
compiling tcp.c...
compiling autoip.c...
compiling igmp.c...
compiling tcp_in.c...
compiling udp.c...
compiling icmp.c...
compiling tcp_out.c...
compiling etharp.c...
compiling ip4.c...
compiling ip4_addr.c...
compiling dhcp6.c...
compiling inet6.c...
compiling ip6_addr.c...
compiling ethip6.c...
compiling icmp6.c...
compiling ip6.c...
compiling ip6_frag.c...
compiling mld6.c...
compiling ip4_frag.c...
compiling nd6.c...
compiling sys_arch.c...
compiling croutine.c...
compiling list.c...
compiling event_groups.c...
compiling timers.c...
compiling stream_buffer.c...
compiling heap_4.c...
compiling mqtt.c...
compiling queue.c...
compiling port.c...
compiling tasks.c...
compiling key.c...
compiling tcp_server.c...
..\Drivers\BSP\ETH\tcp_server.c(50): warning:  #870-D: invalid multibyte character sequence
  	 printf("等待客户端连�? \r\n");
..\Drivers\BSP\ETH\tcp_server.c(56): warning:  #870-D: invalid multibyte character sequence
  			printf("IP:%s,端口�?%d,客户端连接成功\r\n",inet_ntoa(client_addr.sin_addr),ntohs(client_addr.sin_port));
..\Drivers\BSP\ETH\tcp_server.c(71): warning:  #870-D: invalid multibyte character sequence
  			 printf("IP:%s,端口�?%d,客户端发送数据：%s\r\n",inet_ntoa(client_addr.sin_addr),ntohs(client_addr.sin_port),ReadBuff);
..\Drivers\BSP\ETH\tcp_server.c(75): warning:  #870-D: invalid multibyte character sequence
  		 printf("IP:%s,端口�?%d,客户端断开连接\r\n",inet_ntoa(client_addr.sin_addr),ntohs(client_addr.sin_port));
..\Drivers\BSP\ETH\tcp_server.c: 4 warnings, 0 errors
compiling cmsis_os2.c...
linking...
Program Size: Code=81296 RO-data=1360 RW-data=428 ZI-data=64484  
FromELF: creating hex file...
"FREERTOS_LWIP\FREERTOS_LWIP.axf" - 0 Error(s), 7 Warning(s).

<h2>Software Packages used:</h2>

Package Vendor: ARM
                https://www.keil.com/pack/ARM.CMSIS.6.1.0.pack
                ARM::CMSIS@6.1.0
                CMSIS (Common Microcontroller Software Interface Standard)
   * Component: CORE Version: 6.1.0

Package Vendor: Keil
                https://www.keil.com/pack/Keil.STM32F4xx_DFP.3.0.0.pack
                Keil::STM32F4xx_DFP@3.0.0
                STMicroelectronics STM32F4 Series Device Support

<h2>Collection of Component include folders:</h2>
  ./RTE/_FREERTOS_LWIP
  D:/MDK5.40/Arm/Packs/ARM/CMSIS/6.1.0/CMSIS/Core/Include

<h2>Collection of Component Files used:</h2>

   * Component: ARM::CMSIS:CORE@6.1.0
      Include file:  CMSIS/Core/Include/tz_context.h
Build Time Elapsed:  00:00:06
</pre>
</body>
</html>
